 sepal_length  sepal_width  petal_length  petal_width   species
          5.1          3.5           1.4          0.2    setosa
          4.9          3.0           1.4          0.2    setosa
          4.7          3.2           1.3          0.2    setosa
          4.6          3.1           1.5          0.2    setosa
          5.0          3.6           1.4          0.2    setosa
          ...          ...           ...          ...       ...
          6.7          3.0           5.2          2.3 virginica
          6.3          2.5           5.0          1.9 virginica
          6.5          3.0           5.2          2.0 virginica
          6.2          3.4           5.4          2.3 virginica
          5.9          3.0           5.1          1.8 virginica

[150 rows x 5 columns]
